[0m10:25:40.956811 [debug] [MainThread]: Sending event: {'category': 'dbt', 'action': 'invocation', 'label': 'start', 'context': [<snowplow_tracker.self_describing_json.SelfDescribingJson object at 0x000001525CEEC3B0>, <snowplow_tracker.self_describing_json.SelfDescribingJson object at 0x000001525CFE8C50>, <snowplow_tracker.self_describing_json.SelfDescribingJson object at 0x000001525C3F2EA0>]}


============================== 10:25:40.962817 | acd9e79d-b794-4c57-81e9-cb68e3b471d0 ==============================
[0m10:25:40.962817 [info ] [MainThread]: Running with dbt=1.11.11
[0m10:25:40.962817 [debug] [MainThread]: running dbt with arguments {'version_check': 'True', 'no_print': 'None', 'static_parser': 'True', 'warn_error_options': 'WarnErrorOptionsV2(error=[], warn=[], silence=[])', 'target_path': 'None', 'printer_width': '80', 'write_json': 'True', 'introspect': 'True', 'log_cache_events': 'False', 'empty': 'None', 'cache_selected_only': 'False', 'fail_fast': 'False', 'debug': 'False', 'log_format': 'default', 'profiles_dir': 'C:\\Users\\Boutzi\\.dbt', 'send_anonymous_usage_stats': 'True', 'quiet': 'False', 'warn_error': 'None', 'partial_parse': 'True', 'indirect_selection': 'eager', 'invocation_command': 'dbt init dbt', 'use_colors': 'True', 'use_experimental_parser': 'False', 'log_path': 'logs'}
[0m10:25:41.024779 [info ] [MainThread]: Creating dbt configuration folder at C:\Users\Boutzi\.dbt
[0m10:26:21.647414 [debug] [MainThread]: Starter project path: C:\Users\Boutzi\Documents\Work\Dev\Git\tmdb-etl-pipeline\.venv\Lib\site-packages\dbt\include\starter_project
[0m10:26:21.677737 [info ] [MainThread]: 
Your new dbt project "tmdb_etl" was created!

For more information on how to configure the profiles.yml file,
please consult the dbt documentation here:

  https://docs.getdbt.com/docs/configure-your-profile

One more thing:

Need help? Don't hesitate to reach out to us via GitHub issues or on Slack:

  https://community.getdbt.com/

Happy modeling!

[0m10:26:21.679203 [info ] [MainThread]: Setting up your profile.
[0m10:26:47.317197 [debug] [MainThread]: Snowflake adapter: Setting snowflake.connector to ERROR (file logging only)
[0m10:26:47.317197 [debug] [MainThread]: Snowflake adapter: Setting botocore to ERROR (file logging only)
[0m10:26:47.317197 [debug] [MainThread]: Snowflake adapter: Setting boto3 to ERROR (file logging only)
[0m10:59:46.692439 [info ] [MainThread]: Profile tmdb_etl written to C:\Users\Boutzi\.dbt\profiles.yml using target's profile_template.yml and your supplied values. Run 'dbt debug' to validate the connection.
[0m10:59:46.692439 [debug] [MainThread]: Command `dbt init` succeeded at 10:59:46.692439 after 2045.88 seconds
[0m10:59:46.693945 [debug] [MainThread]: Sending event: {'category': 'dbt', 'action': 'invocation', 'label': 'end', 'context': [<snowplow_tracker.self_describing_json.SelfDescribingJson object at 0x000001525E478560>, <snowplow_tracker.self_describing_json.SelfDescribingJson object at 0x000001525EA64C20>, <snowplow_tracker.self_describing_json.SelfDescribingJson object at 0x000001525C62BF20>]}
[0m10:59:46.694983 [debug] [MainThread]: Flushing usage events
[0m10:59:47.870867 [debug] [MainThread]: An error was encountered while trying to flush usage events
